ref size:	3095693981
average depth:	35
raw total sequences:	523802544
filtered sequences:	0
sequences:	523802544
is sorted:	1
1st fragments:	261901272
last fragments:	261901272
reads mapped:	507627133
reads mapped and paired:	492237338	# paired-end technology bit set + both mates mapped
reads unmapped:	16175411
reads properly paired:	473707380	# proper-pair bit set
reads paired:	523802544	# paired-end technology bit set
reads duplicated:	0	# PCR or optical duplicate bit set
reads MQ0:	17979706	# mapped and MQ=0
reads QC failed:	0
non-primary alignments:	6058872
total length:	130232033204	# ignores clipping
bases mapped:	126196242692	# ignores clipping
bases mapped (cigar):	119836183719	# more accurate
bases trimmed:	0
bases duplicated:	0
mismatches:	3006697225	# from NM fields
error rate:	2.509006e-02	# mismatches / bases mapped (cigar)
average length:	248
maximum length:	250
average quality:	20.4
insert size average:	435.0
insert size standard deviation:	124.4
inward oriented pairs:	227006989
outward oriented pairs:	3475646
pairs with other orientation:	1196893
pairs on different chromosomes:	6379289
